../Drivers/CMSIS/Include/core_cm0.h:623:22:__NVIC_EnableIRQ	16	static
../Drivers/CMSIS/Include/core_cm0.h:730:22:__NVIC_SetPriority	24	static
../Drivers/User Drivers/Src/timer6.c:11:6:timer6_init	16	static
../Drivers/User Drivers/Src/timer6.c:28:6:led_init	8	static
../Drivers/User Drivers/Src/timer6.c:41:6:ledB5_init	8	static
../Drivers/User Drivers/Src/timer6.c:54:6:led_ON	8	static
../Drivers/User Drivers/Src/timer6.c:58:6:led_OFF	8	static
../Drivers/User Drivers/Src/timer6.c:62:6:ledB5_ON	8	static
../Drivers/User Drivers/Src/timer6.c:66:6:ledB5_OFF	8	static
